10:34:23 **** Build of configuration Debug for project project ****
make all 
make --no-print-directory pre-build
a9-linaro-pre-build-step
' '
make --no-print-directory main-build
'Building file: ../src/main.c'
'Invoking: ARM v7 gcc compiler'
arm-none-eabi-gcc -Wall -O0 -g3 -c -fmessage-length=0 -MT"src/main.o" -mcpu=cortex-a9 -mfpu=vfpv3 -mfloat-abi=hard -IC:/Vivado/S4-PROJET/Vitis_API_JEU/atelier4_wrapper/export/atelier4_wrapper/sw/atelier4_wrapper/standalone_ps7_cortexa9_0/bspinclude/include -MMD -MP -MF"src/main.d" -MT"src/main.o" -o "src/main.o" "../src/main.c"
'Finished building: ../src/main.c'
' '
'Building file: ../src/scaler.c'
'Invoking: ARM v7 gcc compiler'
arm-none-eabi-gcc -Wall -O0 -g3 -c -fmessage-length=0 -MT"src/scaler.o" -mcpu=cortex-a9 -mfpu=vfpv3 -mfloat-abi=hard -IC:/Vivado/S4-PROJET/Vitis_API_JEU/atelier4_wrapper/export/atelier4_wrapper/sw/atelier4_wrapper/standalone_ps7_cortexa9_0/bspinclude/include -MMD -MP -MF"src/scaler.d" -MT"src/scaler.o" -o "src/scaler.o" "../src/scaler.c"
'Finished building: ../src/scaler.c'
' '
'Building file: ../src/vdma.c'
'Invoking: ARM v7 gcc compiler'
arm-none-eabi-gcc -Wall -O0 -g3 -c -fmessage-length=0 -MT"src/vdma.o" -mcpu=cortex-a9 -mfpu=vfpv3 -mfloat-abi=hard -IC:/Vivado/S4-PROJET/Vitis_API_JEU/atelier4_wrapper/export/atelier4_wrapper/sw/atelier4_wrapper/standalone_ps7_cortexa9_0/bspinclude/include -MMD -MP -MF"src/vdma.d" -MT"src/vdma.o" -o "src/vdma.o" "../src/vdma.c"
'Finished building: ../src/vdma.c'
' '
'Building target: project.elf'
'Invoking: ARM v7 gcc linker'
arm-none-eabi-gcc -mcpu=cortex-a9 -mfpu=vfpv3 -mfloat-abi=hard -Wl,-build-id=none -specs=Xilinx.spec -Wl,-T -Wl,../src/lscript.ld -LC:/Vivado/S4-PROJET/Vitis_API_JEU/atelier4_wrapper/export/atelier4_wrapper/sw/atelier4_wrapper/standalone_ps7_cortexa9_0/bsplib/lib -o "project.elf"  ./src/main.o ./src/scaler.o ./src/vdma.o   -Wl,--start-group,-lxil,-lgcc,-lc,--end-group
'Finished building target: project.elf'
' '
'Invoking: ARM v7 Print Size'
arm-none-eabi-size project.elf  |tee "project.elf.size"
   text	   data	    bss	    dec	    hex	filename
 166860	   1472	 160848	 329180	  505dc	project.elf
'Finished building: project.elf.size'
' '

10:34:24 Build Finished (took 1s.165ms)

