13:32:30 **** Incremental Build of configuration Debug for project project ****
make all 
make --no-print-directory pre-build
a9-linaro-pre-build-step
' '
make --no-print-directory main-build
'Building file: ../src/api.c'
'Invoking: ARM v7 gcc compiler'
arm-none-eabi-gcc -Wall -O0 -g3 -c -fmessage-length=0 -MT"src/api.o" -mcpu=cortex-a9 -mfpu=vfpv3 -mfloat-abi=hard -IC:/Vivado/S4-PROJET/atelier4_wrapper/export/atelier4_wrapper/sw/atelier4_wrapper/standalone_ps7_cortexa9_0/bspinclude/include -MMD -MP -MF"src/api.d" -MT"src/api.o" -o "src/api.o" "../src/api.c"
'Finished building: ../src/api.c'
' '
'Building file: ../src/main.c'
'Invoking: ARM v7 gcc compiler'
arm-none-eabi-gcc -Wall -O0 -g3 -c -fmessage-length=0 -MT"src/main.o" -mcpu=cortex-a9 -mfpu=vfpv3 -mfloat-abi=hard -IC:/Vivado/S4-PROJET/atelier4_wrapper/export/atelier4_wrapper/sw/atelier4_wrapper/standalone_ps7_cortexa9_0/bspinclude/include -MMD -MP -MF"src/main.d" -MT"src/main.o" -o "src/main.o" "../src/main.c"
'Finished building: ../src/main.c'
' '
'Building target: project.elf'
'Invoking: ARM v7 gcc linker'
arm-none-eabi-gcc -mcpu=cortex-a9 -mfpu=vfpv3 -mfloat-abi=hard -Wl,-build-id=none -specs=Xilinx.spec -Wl,-T -Wl,../src/lscript.ld -LC:/Vivado/S4-PROJET/atelier4_wrapper/export/atelier4_wrapper/sw/atelier4_wrapper/standalone_ps7_cortexa9_0/bsplib/lib -o "project.elf"  ./src/Actor.o ./src/Background.o ./src/ColorPalette.o ./src/Game.o ./src/Tile.o ./src/api.o ./src/main.o ./src/scaler.o ./src/vdma.o   -Wl,--start-group,-lxil,-lgcc,-lc,--end-group
'Finished building target: project.elf'
' '
'Invoking: ARM v7 Print Size'
arm-none-eabi-size project.elf  |tee "project.elf.size"
   text	   data	    bss	    dec	    hex	filename
 174028	   1472	 187568	 363068	  58a3c	project.elf
'Finished building: project.elf.size'
' '
13:32:33 **** Incremental Build of configuration Debug for project project_system ****
make all 
Generating bif file for the system project
generate_system_bif.bat 53142 C:/Vivado/S4-PROJET/atelier4_wrapper/export/atelier4_wrapper/atelier4_wrapper.xpfm standalone_ps7_cortexa9_0 C:/Vivado/S4-PROJET/project_system/Debug/system.bif
sdcard_gen --xpfm C:/Vivado/S4-PROJET/atelier4_wrapper/export/atelier4_wrapper/atelier4_wrapper.xpfm --sys_config atelier4_wrapper --bif C:/Vivado/S4-PROJET/project_system/Debug/system.bif --bitstream C:/Vivado/S4-PROJET/project/_ide/bitstream/atelier4_wrapper.bit --elf C:/Vivado/S4-PROJET/project/Debug/project.elf,ps7_cortexa9_0
creating BOOT.BIN using C:/Vivado/S4-PROJET/project/_ide/bitstream/atelier4_wrapper.bit
Running C:/Xilinx/Vitis/2020.2/bin/bootgen  -image C:/Vivado/S4-PROJET/project_system/Debug/sd_card_temp/boot.bif -w -o i BOOT.BIN
